[INFO] Scanning for projects...
[INFO] 
[INFO] --------------------< com.lopesmarcello:portfolio >---------------------
[INFO] Building portfolio 0.0.1-SNAPSHOT
[INFO]   from pom.xml
[INFO] --------------------------------[ jar ]---------------------------------
[INFO] 
[INFO] >>> spring-boot:4.0.2:run (default-cli) > test-compile @ portfolio >>>
[INFO] 
[INFO] --- resources:3.3.1:resources (default-resources) @ portfolio ---
[INFO] Copying 1 resource from src/main/resources to target/classes
[INFO] Copying 0 resource from src/main/resources to target/classes
[INFO] 
[INFO] --- compiler:3.14.1:compile (default-compile) @ portfolio ---
[INFO] Nothing to compile - all classes are up to date.
[INFO] 
[INFO] --- resources:3.3.1:testResources (default-testResources) @ portfolio ---
[INFO] skip non existing resourceDirectory /home/xelo/www/portfolio-2026/backend-java/portfolio/src/test/resources
[INFO] 
[INFO] --- compiler:3.14.1:testCompile (default-testCompile) @ portfolio ---
[INFO] Nothing to compile - all classes are up to date.
[INFO] 
[INFO] <<< spring-boot:4.0.2:run (default-cli) < test-compile @ portfolio <<<
[INFO] 
[INFO] 
[INFO] --- spring-boot:4.0.2:run (default-cli) @ portfolio ---
[INFO] Attaching agents: []

  .   ____          _            __ _ _
 /\\ / ___'_ __ _ _(_)_ __  __ _ \ \ \ \
( ( )\___ | '_ | '_| | '_ \/ _` | \ \ \ \
 \\/  ___)| |_)| | | | | || (_| |  ) ) ) )
  '  |____| .__|_| |_|_| |_\__, | / / / /
 =========|_|==============|___/=/_/_/_/

 :: Spring Boot ::                (v4.0.2)

2026-02-12T10:54:25.899-03:00  INFO 44701 --- [portfolio] [           main] c.l.portfolio.PortfolioApplication       : Starting PortfolioApplication using Java 25.0.2 with PID 44701 (/home/xelo/www/portfolio-2026/backend-java/portfolio/target/classes started by xelo in /home/xelo/www/portfolio-2026/backend-java/portfolio)
2026-02-12T10:54:25.900-03:00  INFO 44701 --- [portfolio] [           main] c.l.portfolio.PortfolioApplication       : No active profile set, falling back to 1 default profile: "default"
2026-02-12T10:54:26.253-03:00  INFO 44701 --- [portfolio] [           main] .s.d.r.c.RepositoryConfigurationDelegate : Bootstrapping Spring Data JPA repositories in DEFAULT mode.
2026-02-12T10:54:26.280-03:00  INFO 44701 --- [portfolio] [           main] .s.d.r.c.RepositoryConfigurationDelegate : Finished Spring Data repository scanning in 22 ms. Found 4 JPA repository interfaces.
2026-02-12T10:54:26.474-03:00  INFO 44701 --- [portfolio] [           main] o.s.boot.tomcat.TomcatWebServer          : Tomcat initialized with port 8080 (http)
2026-02-12T10:54:26.481-03:00  INFO 44701 --- [portfolio] [           main] o.apache.catalina.core.StandardService   : Starting service [Tomcat]
2026-02-12T10:54:26.481-03:00  INFO 44701 --- [portfolio] [           main] o.apache.catalina.core.StandardEngine    : Starting Servlet engine: [Apache Tomcat/11.0.15]
2026-02-12T10:54:26.502-03:00  INFO 44701 --- [portfolio] [           main] b.w.c.s.WebApplicationContextInitializer : Root WebApplicationContext: initialization completed in 570 ms
2026-02-12T10:54:26.580-03:00  INFO 44701 --- [portfolio] [           main] org.hibernate.orm.jpa                    : HHH008540: Processing PersistenceUnitInfo [name: default]
2026-02-12T10:54:26.602-03:00  INFO 44701 --- [portfolio] [           main] org.hibernate.orm.core                   : HHH000001: Hibernate ORM core version 7.2.1.Final
2026-02-12T10:54:26.801-03:00  INFO 44701 --- [portfolio] [           main] o.s.o.j.p.SpringPersistenceUnitInfo      : No LoadTimeWeaver setup: ignoring JPA class transformer
2026-02-12T10:54:26.816-03:00  INFO 44701 --- [portfolio] [           main] com.zaxxer.hikari.HikariDataSource       : HikariPool-1 - Starting...
2026-02-12T10:54:26.903-03:00  INFO 44701 --- [portfolio] [           main] com.zaxxer.hikari.pool.HikariPool        : HikariPool-1 - Added connection org.postgresql.jdbc.PgConnection@40a7974
2026-02-12T10:54:26.903-03:00  INFO 44701 --- [portfolio] [           main] com.zaxxer.hikari.HikariDataSource       : HikariPool-1 - Start completed.
2026-02-12T10:54:26.924-03:00  WARN 44701 --- [portfolio] [           main] org.hibernate.orm.deprecation            : HHH90000025: PostgreSQLDialect does not need to be specified explicitly using 'hibernate.dialect' (remove the property setting and it will be selected by default)
2026-02-12T10:54:26.936-03:00  INFO 44701 --- [portfolio] [           main] org.hibernate.orm.connections.pooling    : HHH10001005: Database info:
	Database JDBC URL [jdbc:postgresql://localhost:5432/portfolio]
	Database driver: PostgreSQL JDBC Driver
	Database dialect: PostgreSQLDialect
	Database version: 16.11
	Default catalog/schema: portfolio/public
	Autocommit mode: undefined/unknown
	Isolation level: READ_COMMITTED [default READ_COMMITTED]
	JDBC fetch size: none
	Pool: DataSourceConnectionProvider
	Minimum pool size: undefined/unknown
	Maximum pool size: undefined/unknown
2026-02-12T10:54:27.444-03:00  INFO 44701 --- [portfolio] [           main] org.hibernate.orm.core                   : HHH000489: No JTA platform available (set 'hibernate.transaction.jta.platform' to enable JTA platform integration)
2026-02-12T10:54:27.503-03:00  INFO 44701 --- [portfolio] [           main] j.LocalContainerEntityManagerFactoryBean : Initialized JPA EntityManagerFactory for persistence unit 'default'
2026-02-12T10:54:27.545-03:00  INFO 44701 --- [portfolio] [           main] o.s.d.j.r.query.QueryEnhancerFactories   : Hibernate is in classpath; If applicable, HQL parser will be used.
2026-02-12T10:54:28.156-03:00  INFO 44701 --- [portfolio] [           main] o.s.boot.tomcat.TomcatWebServer          : Tomcat started on port 8080 (http) with context path '/'
2026-02-12T10:54:28.160-03:00  INFO 44701 --- [portfolio] [           main] c.l.portfolio.PortfolioApplication       : Started PortfolioApplication in 2.447 seconds (process running for 2.621)
2026-02-12T10:54:51.649-03:00  INFO 44701 --- [portfolio] [nio-8080-exec-1] o.a.c.c.C.[Tomcat].[localhost].[/]       : Initializing Spring DispatcherServlet 'dispatcherServlet'
2026-02-12T10:54:51.649-03:00  INFO 44701 --- [portfolio] [nio-8080-exec-1] o.s.web.servlet.DispatcherServlet        : Initializing Servlet 'dispatcherServlet'
2026-02-12T10:54:51.650-03:00  INFO 44701 --- [portfolio] [nio-8080-exec-1] o.s.web.servlet.DispatcherServlet        : Completed initialization in 1 ms
2026-02-12T10:54:52.243-03:00  INFO 44701 --- [portfolio] [nio-8080-exec-9] o.springdoc.api.AbstractOpenApiResource  : Init duration for springdoc-openapi is: 246 ms
[INFO] ------------------------------------------------------------------------
[INFO] BUILD FAILURE
[INFO] ------------------------------------------------------------------------
[INFO] Total time:  01:17 min
[INFO] Finished at: 2026-02-12T10:55:42-03:00
[INFO] ------------------------------------------------------------------------
[ERROR] Failed to execute goal org.springframework.boot:spring-boot-maven-plugin:4.0.2:run (default-cli) on project portfolio: Process terminated with exit code: 137 -> [Help 1]
[ERROR] 
[ERROR] To see the full stack trace of the errors, re-run Maven with the -e switch.
[ERROR] Re-run Maven using the -X switch to enable full debug logging.
[ERROR] 
[ERROR] For more information about the errors and possible solutions, please read the following articles:
[ERROR] [Help 1] http://cwiki.apache.org/confluence/display/MAVEN/MojoExecutionException
